[icgetei.in/index.html]
[icgetei.in/images/ICG LOGO.png]
[backblue.gif]
[fade.gif]
[index.html]
[icgetei.in/css/style.css]
[icgetei.in/plugins/superfish/css/superfish.css]
[icgetei.in/plugins/dl-menu/component.css]
[icgetei.in/plugins/font-awesome-new/css/font-awesome.min.css]
[icgetei.in/plugins/fancybox/jquery.fancybox.css]
[icgetei.in/plugins/flexslider/flexslider.css]
[icgetei.in/css/style-responsive.css]
[icgetei.in/css/style-custom.css]
[icgetei.in/plugins/masterslider/public/assets/css/masterslider.main.css]
[icgetei.in/css/master-custom.css]
[icgetei.in/index-2.html]
[icgetei.in/about-AUR.html]
[icgetei.in/TBA.html]
[icgetei.in/sponsors.html]
[icgetei.in/picture_gallery.html]
[icgetei.in/accomodation_visa.html]
[icgetei.in/major_attraction.html]
[icgetei.in/organisers.html]
[icgetei.in/speakers.html]
[icgetei.in/images/slider.jpg]
[icgetei.in/plugins/masterslider/public/assets/css/blank.gif]
[icgetei.in/aiaia.html]
[icgetei.in/images/aiaia.jpg]
[icgetei.in/iet.html]
[icgetei.in/images/AdobeStock_304402186.jpg]
[icgetei.in/sdaset.html]
[icgetei.in/images/AdobeStock_291229244.jpg]
[icgetei.in/social_media.html]
[icgetei.in/contact-page.html]
[icgetei.in/js/jquery/jquery.js]
[icgetei.in/js/jquery/jquery-migrate.min.js]
[icgetei.in/plugins/superfish/js/superfish.js]
[icgetei.in/js/hoverIntent.min.js]
[icgetei.in/plugins/dl-menu/modernizr.custom.js]
[icgetei.in/plugins/dl-menu/jquery.dlmenu.js]
[icgetei.in/plugins/jquery.easing.js]
[icgetei.in/plugins/fancybox/jquery.fancybox.pack.js]
[icgetei.in/plugins/fancybox/helpers/jquery.fancybox-media.js]
[icgetei.in/plugins/fancybox/helpers/jquery.fancybox-thumbs.js]
[icgetei.in/plugins/flexslider/jquery.flexslider.js]
[icgetei.in/plugins/jquery.isotope.min.js]
[icgetei.in/js/plugins.min.js]
[icgetei.in/index.html]
[icgetei.in/assets/css/main.html]
[icgetei.in/assets/css/noscript.html]
[icgetei.in/plugins/masterslider/public/assets/js/masterslider.min.js]
[icgetei.in/images/page-title-background.jpg]
[icgetei.in/images/light/icon-search.png]
[icgetei.in/images/portfolio-icon-overlay.png]
[icgetei.in/images/dark/quote-small.png]
[icgetei.in/images/master-slider-left.png]
[icgetei.in/images/master-slider-right.png]
[icgetei.in/images/light/price-tag-shadow.png]
[icgetei.in/images/port-loader.gif]
[icgetei.in/images/single-port-close.png]
[icgetei.in/images/dark/now-loading.gif]
[icgetei.in/images/dark/quote.png]
[icgetei.in/images/paypal-loader.gif]
[icgetei.in/images/dark/icon-search.png]
[icgetei.in/images/dark/quote@2x.png]
[icgetei.in/images/dark/icon-search@2x.png]
[icgetei.in/images/light/icon-search@2x.png]
[icgetei.in/css/style.css]
[icgetei.in/plugins/superfish/css/superfish.css]
[icgetei.in/plugins/dl-menu/component.css]
[icgetei.in/plugins/font-awesome-new/css/font-awesome.min.css]
[icgetei.in/plugins/fancybox/fancybox_sprite.png]
[icgetei.in/plugins/fancybox/fancybox_loading.gif]
[icgetei.in/plugins/fancybox/blank.gif]
[icgetei.in/plugins/fancybox/fancybox_overlay.png]
[icgetei.in/plugins/fancybox/fancybox_sprite@2x.png]
[icgetei.in/plugins/fancybox/fancybox_loading@2x.gif]
[icgetei.in/plugins/fancybox/jquery.fancybox.css]
[icgetei.in/plugins/flexslider/flexslider.css]
[icgetei.in/css/style-responsive.css]
[icgetei.in/upload/page-title-background.jpg]
[icgetei.in/css/style-custom.css]
[icgetei.in/plugins/masterslider/public/assets/css/common/loading-2.gif]
[icgetei.in/plugins/masterslider/public/assets/css/common/grab.png]
[icgetei.in/plugins/masterslider/public/assets/css/common/grabbing.png]
[icgetei.in/plugins/masterslider/public/assets/css/common/video-close-btn.png]
[icgetei.in/plugins/masterslider/public/assets/css/skins/light-skin-1.png]
[icgetei.in/plugins/masterslider/public/assets/css/skins/light-skin-1-retina.png]
[icgetei.in/plugins/masterslider/public/assets/css/skins/black-skin-1.png]
[icgetei.in/plugins/masterslider/public/assets/css/skins/black-skin-1-retina.png]
[icgetei.in/plugins/masterslider/public/assets/css/skins/black-skin-2.png]
[icgetei.in/plugins/masterslider/public/assets/css/skins/black-skin-2-retina.png]
[icgetei.in/plugins/masterslider/public/assets/css/skins/light-skin-2.png]
[icgetei.in/plugins/masterslider/public/assets/css/skins/light-skin-2-retina.png]
[icgetei.in/plugins/masterslider/public/assets/css/skins/light-skin-3.png]
[icgetei.in/plugins/masterslider/public/assets/css/skins/light-skin-3-retina.png]
[icgetei.in/plugins/masterslider/public/assets/css/skins/light-skin-4.png]
[icgetei.in/plugins/masterslider/public/assets/css/skins/light-skin-4-retina.png]
[icgetei.in/plugins/masterslider/public/assets/css/skins/light-skin-5.png]
[icgetei.in/plugins/masterslider/public/assets/css/skins/light-skin-5-retina.png]
[icgetei.in/plugins/masterslider/public/assets/css/skins/light-skin-6.png]
[icgetei.in/plugins/masterslider/public/assets/css/skins/light-skin-6-retina.png]
[icgetei.in/plugins/masterslider/public/assets/css/skins/metro-skin.png]
[icgetei.in/plugins/masterslider/public/assets/css/skins/metro-skin-retina.png]
[icgetei.in/plugins/masterslider/public/assets/css/skins/minimal.svg]
[icgetei.in/plugins/masterslider/public/assets/css/skins/contrast-skin.png]
[icgetei.in/plugins/masterslider/public/assets/css/skins/contrast-skin-retina.png]
[icgetei.in/plugins/masterslider/public/assets/css/templates/device-skin.png]
[icgetei.in/plugins/masterslider/public/assets/css/templates/gallery-btns.png]
[icgetei.in/plugins/masterslider/public/assets/css/templates/staff-arrows.png]
[icgetei.in/plugins/masterslider/public/assets/css/templates/vertical-arrows.png]
[icgetei.in/plugins/masterslider/public/assets/css/masterslider.main.css]
[icgetei.in/css/master-custom.css]
[icgetei.in/index-2.html]
[icgetei.in/about-AUR.html]
[icgetei.in/images/conference_fee.png]
[icgetei.in/images/conference_registration.png]
[icgetei.in/TBA.html]
[icgetei.in/images/sponsors.jpg]
[icgetei.in/sponsors.html]
[icgetei.in/picture_gallery_2022.html]
[icgetei.in/picture_gallery.html]
[icgetei.in/accomodation_visa.html]
[icgetei.in/major_attraction.html]
[icgetei.in/picture_gallery_2021.html]
[icgetei.in/images/Dr. Ashok K Chauhan.png]
[icgetei.in/images/Dr. Aseem Chauhan.png]
[icgetei.in/images/Prof. (Dr.) Amit Jain.png]
[icgetei.in/images/Prof. (Dr.) G K Aseri.png]
[icgetei.in/images/Mr. Ojasvi Babber.png]
[icgetei.in/images/Mr. Vijay Vir Singh.png]
[icgetei.in/images/Prof. (Dr.) P. K. Kapur.png]
[icgetei.in/images/Prof. Valentina Emila Balas.png]
[icgetei.in/images/Dr. Sameer Rohadia.png]
[icgetei.in/images/Prof Dr. Kamal K Dwivedi.png]
[icgetei.in/images/Dr. Vinay Sharma.png]
[icgetei.in/images/Prof. (Dr.) Manju Kaushik.png]
[icgetei.in/images/Dr. Chitresh Banerjee.png]
[icgetei.in/images/Dr. Yudveer Singh.png]
[icgetei.in/images/Prof. Deepali Bhatnagar.png]
[icgetei.in/images/76878u.png]
[icgetei.in/images/Dr. Naveen Kumar.png]
[icgetei.in/images/Dr. Deepshikha Rathore.png]
[icgetei.in/organisers.html]
[icgetei.in/images/Prof. Michael Gerard Hinchey.png]
[icgetei.in/images/Prof Sanjay Misra.png]
[icgetei.in/images/nedu1.jpg]
[icgetei.in/images/Prof. Shandar Ahmad.png]
[icgetei.in/images/7hh.png]
[icgetei.in/images/iop.jpg]
[icgetei.in/images/iujj.png]
[icgetei.in/images/iuy(1).jpg]
[icgetei.in/images/Prof. Laszlo Jozsa.png]
[icgetei.in/images/9hh.png]
[icgetei.in/images/Prof. Prashant Mishra.png]
[icgetei.in/images/Prof. Prashant Gupta.png]
[icgetei.in/images/8hhh.png]
[icgetei.in/images/Prof. R P Sharma.png]
[icgetei.in/images/Prof. Atul Thakur.png]
[icgetei.in/images/Dr. Om Prakash Chauhan.png]
[icgetei.in/images/Dr. Mohd Zaheer Khan Yusufzai.png]
[icgetei.in/speakers.html]
[icgetei.in/aiaia_ab.html]
[icgetei.in/aiaia_pc.html]
[icgetei.in/aiaia_id.html]
[icgetei.in/aiaia.cfp.html]
[icgetei.in/aiaia.rd.html]
[icgetei.in/aiaia_psp.html]
[icgetei.in/ss.html]
[icgetei.in/aiaia_contactus.html]
[icgetei.in/aiaia.html]
[icgetei.in/AIAIA-2.html]
[icgetei.in/iet_ab.html]
[icgetei.in/iet_pc.html]
[icgetei.in/iet_id.html]
[icgetei.in/iet_cfp.html]
[icgetei.in/iet_rd.html]
[icgetei.in/iet_psp.html]
[icgetei.in/ait.html]
[icgetei.in/iet.html]
[icgetei.in/iet_contactus.html]
[icgetei.in/sdaset_ab.html]
[icgetei.in/sdaset_pc.html]
[icgetei.in/sdaset_id.html]
[icgetei.in/sdaset_cfp.html]
[icgetei.in/sdaset_rd.html]
[icgetei.in/sdaset_psp.html]
[icgetei.in/sdaset.html]
[icgetei.in/social_media.html]
[icgetei.in/contact-page.html]
[icgetei.in/plugins/masterslider/public/assets/css/skins/minimal.svg]
[icgetei.in/sdaset_contactus.html]
[icgetei.in/images/2022/1.jpg]
[icgetei.in/images/2022/2.jpg]
[icgetei.in/images/2022/3.jpg]
[icgetei.in/images/2022/4.jpg]
[icgetei.in/images/2022/5.jpg]
[icgetei.in/images/2022/6.jpg]
[icgetei.in/images/2022/7.jpg]
[icgetei.in/images/2022/8.jpg]
[icgetei.in/images/2022/9.jpg]
[icgetei.in/images/2022/10.jpg]
[icgetei.in/picture_gallery_2022.html]
[icgetei.in/images/2021/1.jpg]
[icgetei.in/images/2021/2.jpg]
[icgetei.in/images/2021/3.jpg]
[icgetei.in/images/2021/4.jpg]
[icgetei.in/images/2021/5.jpg]
[icgetei.in/images/2021/6.jpg]
[icgetei.in/picture_gallery_2021.html]
[icgetei.in/aiaia_ab.html]
[icgetei.in/aiaia_pc.html]
[icgetei.in/aiaia_id.html]
[icgetei.in/aiaia.cfp.html]
[icgetei.in/aiaia.rd.html]
[icgetei.in/images/unavailable.png]
[icgetei.in/images/11334.jpg]
[icgetei.in/images/IJSAEM.jpg]
[icgetei.in/images/springerlogo.png]
[icgetei.in/images/AIP_Conf_Proc.png]
[icgetei.in/images/AIAIA 2022_P1.png]
[icgetei.in/images/AIAIA 2022_P2.png]
[icgetei.in/images/SEAEDTT_CRC_TF.jpg]
[icgetei.in/images/Mail_(iOSi).svg.png]
[icgetei.in/aiaia_psp.html]
[icgetei.in/ICGETEI 2023.docx]
[icgetei.in/images/rajat.jpg]
[icgetei.in/images/aiai.jpg]
[icgetei.in/AIAIA_Special Session.docx]
[icgetei.in/images/aiai1.png]
[icgetei.in/ss.html]
[icgetei.in/aiaia_contactus.html]
[icgetei.in/AIAIA-2.html]
[icgetei.in/iet_ab.html]
[icgetei.in/iet_pc.html]
[icgetei.in/iet_id.html]
[icgetei.in/iet_cfp.html]
[icgetei.in/iet_rd.html]
[icgetei.in/images/0000k.png]
[icgetei.in/images/ietamr.png]
[icgetei.in/iet_psp.html]
[icgetei.in/images/pallavimishra.png]
[icgetei.in/iet_ss1.pdf]
[icgetei.in/ait.html]
[icgetei.in/iet_contactus.html]
[icgetei.in/sdaset_ab.html]
[icgetei.in/sdaset_pc.html]
[icgetei.in/sdaset_id.html]
[icgetei.in/sdaset_cfp.html]
[icgetei.in/sdaset_rd.html]
[icgetei.in/images/uji.jpg]
[icgetei.in/sdaset_psp.html]
[icgetei.in/sdaset_contactus.html]
[icgetei.in/sdaset-2.html]
[icgetei.in/aiaia-3.html]
[icgetei.in/sdaset.cfp.html]
[icgetei.in/sdaset.rd.html]
